// Jest Snapshot v1, https://goo.gl/fbAQLP

exports[`Button component snapshot renders default button 1`] = `
<button
  className="ui__base ui__button ui__button--default"
  type="button"
/>
`;
