// Jest Snapshot v1, https://goo.gl/fbAQLP

exports[`FilePicker component snapshot renders default filePicker 1`] = `
<div
  className="ui__base ui__filePicker"
/>
`;
