// Jest Snapshot v1, https://goo.gl/fbAQLP

exports[`ClickableDiv component snapshot renders default clickableDiv 1`] = `
<div
  className="ui__clickableDiv"
  onClick={[Function]}
  onKeyUp={[Function]}
  role="button"
  tabIndex={0}
/>
`;
