// Jest Snapshot v1, https://goo.gl/fbAQLP

exports[`Spinner component snapshot renders default spinner 1`] = `
<div
  className="ui__base ui__spinner"
>
  <div
    className="ui__spinner__animated"
  />
</div>
`;
